127.0.0.1 - - [25/Aug/2018:18:56:38 +0200] "POST /wp-admin/admin-ajax.php?action=wp_1_wc_regenerate_images&nonce=8edd12ad41 HTTP/1.1" 200 - "http://localhost/wp-admin/admin-ajax.php?action=wp_1_wc_regenerate_images&nonce=8edd12ad41" "WordPress/4.9.8; http://localhost"
127.0.0.1 - - [25/Aug/2018:18:56:39 +0200] "POST /wp-admin/admin-ajax.php?action=wp_1_wc_regenerate_images&nonce=8edd12ad41 HTTP/1.1" 200 - "http://localhost/wp-admin/admin-ajax.php?action=wp_1_wc_regenerate_images&nonce=8edd12ad41" "WordPress/4.9.8; http://localhost"
127.0.0.1 - - [25/Aug/2018:18:56:39 +0200] "POST /wp-admin/admin-ajax.php?action=wp_1_wc_regenerate_images&nonce=8edd12ad41 HTTP/1.1" 200 - "http://localhost/wp-admin/admin-ajax.php?action=wp_1_wc_regenerate_images&nonce=8edd12ad41" "WordPress/4.9.8; http://localhost"
127.0.0.1 - - [25/Aug/2018:18:56:40 +0200] "POST /wp-admin/admin-ajax.php?action=wp_1_wc_regenerate_images&nonce=8edd12ad41 HTTP/1.1" 200 - "http://localhost/wp-admin/admin-ajax.php?action=wp_1_wc_regenerate_images&nonce=8edd12ad41" "WordPress/4.9.8; http://localhost"
127.0.0.1 - - [25/Aug/2018:18:56:41 +0200] "POST /wp-admin/admin-ajax.php?action=wp_1_wc_regenerate_images&nonce=8edd12ad41 HTTP/1.1" 200 - "http://localhost/wp-admin/admin-ajax.php?action=wp_1_wc_regenerate_images&nonce=8edd12ad41" "WordPress/4.9.8; http://localhost"
127.0.0.1 - - [25/Aug/2018:18:56:42 +0200] "POST /wp-admin/admin-ajax.php?action=wp_1_wc_regenerate_images&nonce=8edd12ad41 HTTP/1.1" 200 - "http://localhost/wp-admin/admin-ajax.php?action=wp_1_wc_regenerate_images&nonce=8edd12ad41" "WordPress/4.9.8; http://localhost"
127.0.0.1 - - [25/Aug/2018:18:56:42 +0200] "POST /wp-admin/admin-ajax.php?action=wp_1_wc_regenerate_images&nonce=8edd12ad41 HTTP/1.1" 200 - "http://localhost/wp-admin/admin-ajax.php?action=wp_1_wc_regenerate_images&nonce=8edd12ad41" "WordPress/4.9.8; http://localhost"
127.0.0.1 - - [25/Aug/2018:18:56:43 +0200] "POST /wp-admin/admin-ajax.php?action=wp_1_wc_regenerate_images&nonce=8edd12ad41 HTTP/1.1" 200 - "http://localhost/wp-admin/admin-ajax.php?action=wp_1_wc_regenerate_images&nonce=8edd12ad41" "WordPress/4.9.8; http://localhost"
127.0.0.1 - - [25/Aug/2018:18:56:44 +0200] "POST /wp-admin/admin-ajax.php?action=wp_1_wc_regenerate_images&nonce=8edd12ad41 HTTP/1.1" 200 - "http://localhost/wp-admin/admin-ajax.php?action=wp_1_wc_regenerate_images&nonce=8edd12ad41" "WordPress/4.9.8; http://localhost"
127.0.0.1 - - [25/Aug/2018:18:56:45 +0200] "POST /wp-admin/admin-ajax.php?action=wp_1_wc_regenerate_images&nonce=8edd12ad41 HTTP/1.1" 200 - "http://localhost/wp-admin/admin-ajax.php?action=wp_1_wc_regenerate_images&nonce=8edd12ad41" "WordPress/4.9.8; http://localhost"
::1 - - [25/Aug/2018:18:56:46 +0200] "POST /wp-admin/admin-ajax.php HTTP/1.1" 200 47 "http://localhost/wp-admin/customize.php?url=http%3A%2F%2Flocalhost%2F" "Mozilla/5.0 (Windows NT 6.1; Win64; x64) AppleWebKit/537.36 (KHTML, like Gecko) Chrome/68.0.3440.106 Safari/537.36"
127.0.0.1 - - [25/Aug/2018:18:56:45 +0200] "POST /wp-admin/admin-ajax.php?action=wp_1_wc_regenerate_images&nonce=8edd12ad41 HTTP/1.1" 200 - "http://localhost/wp-admin/admin-ajax.php?action=wp_1_wc_regenerate_images&nonce=8edd12ad41" "WordPress/4.9.8; http://localhost"
127.0.0.1 - - [25/Aug/2018:18:56:46 +0200] "POST /wp-admin/admin-ajax.php?action=wp_1_wc_regenerate_images&nonce=8edd12ad41 HTTP/1.1" 200 - "http://localhost/wp-admin/admin-ajax.php?action=wp_1_wc_regenerate_images&nonce=8edd12ad41" "WordPress/4.9.8; http://localhost"
127.0.0.1 - - [25/Aug/2018:18:56:47 +0200] "POST /wp-admin/admin-ajax.php?action=wp_1_wc_regenerate_images&nonce=8edd12ad41 HTTP/1.1" 200 - "http://localhost/wp-admin/admin-ajax.php?action=wp_1_wc_regenerate_images&nonce=8edd12ad41" "WordPress/4.9.8; http://localhost"
::1 - - [25/Aug/2018:18:56:48 +0200] "POST /?customize_changeset_uuid=2583a37e-0bca-4ea1-a982-58fe01010401&customize_theme=shopkeeper&customize_messenger_channel=preview-23&customize_autosaved=on HTTP/1.1" 200 204156 "http://localhost/wp-admin/customize.php?url=http%3A%2F%2Flocalhost%2F" "Mozilla/5.0 (Windows NT 6.1; Win64; x64) AppleWebKit/537.36 (KHTML, like Gecko) Chrome/68.0.3440.106 Safari/537.36"
::1 - - [25/Aug/2018:18:56:49 +0200] "GET /wp-content/themes/shopkeeper/css/styles.css?ver=2.6.2 HTTP/1.1" 304 - "http://localhost/?customize_changeset_uuid=2583a37e-0bca-4ea1-a982-58fe01010401&customize_theme=shopkeeper&customize_messenger_channel=preview-23&customize_autosaved=on" "Mozilla/5.0 (Windows NT 6.1; Win64; x64) AppleWebKit/537.36 (KHTML, like Gecko) Chrome/68.0.3440.106 Safari/537.36"
::1 - - [25/Aug/2018:18:56:50 +0200] "GET /wp-content/uploads/2018/08/512x512-e1535215785451-300x152.png HTTP/1.1" 304 - "http://localhost/?customize_changeset_uuid=2583a37e-0bca-4ea1-a982-58fe01010401&customize_theme=shopkeeper&customize_messenger_channel=preview-23&customize_autosaved=on" "Mozilla/5.0 (Windows NT 6.1; Win64; x64) AppleWebKit/537.36 (KHTML, like Gecko) Chrome/68.0.3440.106 Safari/537.36"
::1 - - [25/Aug/2018:18:56:50 +0200] "GET /wp-content/uploads/2018/08/512x512-e1535215785451.png HTTP/1.1" 304 - "http://localhost/?customize_changeset_uuid=2583a37e-0bca-4ea1-a982-58fe01010401&customize_theme=shopkeeper&customize_messenger_channel=preview-23&customize_autosaved=on" "Mozilla/5.0 (Windows NT 6.1; Win64; x64) AppleWebKit/537.36 (KHTML, like Gecko) Chrome/68.0.3440.106 Safari/537.36"
127.0.0.1 - - [25/Aug/2018:18:56:48 +0200] "POST /wp-admin/admin-ajax.php?action=wp_1_wc_regenerate_images&nonce=8edd12ad41 HTTP/1.1" 200 - "http://localhost/wp-admin/admin-ajax.php?action=wp_1_wc_regenerate_images&nonce=8edd12ad41" "WordPress/4.9.8; http://localhost"
127.0.0.1 - - [25/Aug/2018:18:56:48 +0200] "POST /wp-admin/admin-ajax.php?action=wp_1_wc_regenerate_images&nonce=8edd12ad41 HTTP/1.1" 200 - "http://localhost/wp-admin/admin-ajax.php?action=wp_1_wc_regenerate_images&nonce=8edd12ad41" "WordPress/4.9.8; http://localhost"
::1 - - [25/Aug/2018:18:56:50 +0200] "GET /?customize_changeset_uuid=2583a37e-0bca-4ea1-a982-58fe01010401&customize_theme=shopkeeper&customize_messenger_channel=preview-23&customize_autosaved=on HTTP/1.1" 200 98826 "http://localhost/?customize_changeset_uuid=2583a37e-0bca-4ea1-a982-58fe01010401&customize_theme=shopkeeper&customize_messenger_channel=preview-23&customize_autosaved=on" "Mozilla/5.0 (Windows NT 6.1; Win64; x64) AppleWebKit/537.36 (KHTML, like Gecko) Chrome/68.0.3440.106 Safari/537.36"
127.0.0.1 - - [25/Aug/2018:18:56:49 +0200] "POST /wp-admin/admin-ajax.php?action=wp_1_wc_regenerate_images&nonce=8edd12ad41 HTTP/1.1" 200 - "http://localhost/wp-admin/admin-ajax.php?action=wp_1_wc_regenerate_images&nonce=8edd12ad41" "WordPress/4.9.8; http://localhost"
127.0.0.1 - - [25/Aug/2018:18:56:50 +0200] "POST /wp-admin/admin-ajax.php?action=wp_1_wc_regenerate_images&nonce=8edd12ad41 HTTP/1.1" 200 - "http://localhost/wp-admin/admin-ajax.php?action=wp_1_wc_regenerate_images&nonce=8edd12ad41" "WordPress/4.9.8; http://localhost"
::1 - - [25/Aug/2018:18:56:52 +0200] "POST /wp-admin/admin-ajax.php HTTP/1.1" 200 47 "http://localhost/wp-admin/customize.php?url=http%3A%2F%2Flocalhost%2F" "Mozilla/5.0 (Windows NT 6.1; Win64; x64) AppleWebKit/537.36 (KHTML, like Gecko) Chrome/68.0.3440.106 Safari/537.36"
127.0.0.1 - - [25/Aug/2018:18:56:51 +0200] "POST /wp-admin/admin-ajax.php?action=wp_1_wc_regenerate_images&nonce=8edd12ad41 HTTP/1.1" 200 - "http://localhost/wp-admin/admin-ajax.php?action=wp_1_wc_regenerate_images&nonce=8edd12ad41" "WordPress/4.9.8; http://localhost"
::1 - - [25/Aug/2018:18:56:52 +0200] "POST /?customize_changeset_uuid=2583a37e-0bca-4ea1-a982-58fe01010401&customize_theme=shopkeeper&customize_messenger_channel=preview-24&customize_autosaved=on HTTP/1.1" 200 76661 "http://localhost/wp-admin/customize.php?url=http%3A%2F%2Flocalhost%2F" "Mozilla/5.0 (Windows NT 6.1; Win64; x64) AppleWebKit/537.36 (KHTML, like Gecko) Chrome/68.0.3440.106 Safari/537.36"
127.0.0.1 - - [25/Aug/2018:18:56:51 +0200] "POST /wp-admin/admin-ajax.php?action=wp_1_wc_regenerate_images&nonce=8edd12ad41 HTTP/1.1" 200 - "http://localhost/wp-admin/admin-ajax.php?action=wp_1_wc_regenerate_images&nonce=8edd12ad41" "WordPress/4.9.8; http://localhost"
::1 - - [25/Aug/2018:18:56:53 +0200] "POST /?customize_changeset_uuid=2583a37e-0bca-4ea1-a982-58fe01010401&customize_theme=shopkeeper&customize_messenger_channel=preview-25&customize_autosaved=on HTTP/1.1" 200 98826 "http://localhost/wp-admin/customize.php?url=http%3A%2F%2Flocalhost%2F" "Mozilla/5.0 (Windows NT 6.1; Win64; x64) AppleWebKit/537.36 (KHTML, like Gecko) Chrome/68.0.3440.106 Safari/537.36"
::1 - - [25/Aug/2018:18:56:54 +0200] "POST /?customize_changeset_uuid=2583a37e-0bca-4ea1-a982-58fe01010401&customize_theme=shopkeeper&customize_messenger_channel=preview-26&customize_autosaved=on HTTP/1.1" 200 76661 "http://localhost/wp-admin/customize.php?url=http%3A%2F%2Flocalhost%2F" "Mozilla/5.0 (Windows NT 6.1; Win64; x64) AppleWebKit/537.36 (KHTML, like Gecko) Chrome/68.0.3440.106 Safari/537.36"
127.0.0.1 - - [25/Aug/2018:18:56:53 +0200] "POST /wp-admin/admin-ajax.php?action=wp_1_wc_regenerate_images&nonce=8edd12ad41 HTTP/1.1" 200 - "http://localhost/wp-admin/admin-ajax.php?action=wp_1_wc_regenerate_images&nonce=8edd12ad41" "WordPress/4.9.8; http://localhost"
127.0.0.1 - - [25/Aug/2018:18:56:54 +0200] "POST /wp-admin/admin-ajax.php?action=wp_1_wc_regenerate_images&nonce=8edd12ad41 HTTP/1.1" 200 - "http://localhost/wp-admin/admin-ajax.php?action=wp_1_wc_regenerate_images&nonce=8edd12ad41" "WordPress/4.9.8; http://localhost"
::1 - - [25/Aug/2018:18:56:55 +0200] "POST /?customize_changeset_uuid=2583a37e-0bca-4ea1-a982-58fe01010401&customize_theme=shopkeeper&customize_messenger_channel=preview-27&customize_autosaved=on HTTP/1.1" 200 204158 "http://localhost/wp-admin/customize.php?url=http%3A%2F%2Flocalhost%2F" "Mozilla/5.0 (Windows NT 6.1; Win64; x64) AppleWebKit/537.36 (KHTML, like Gecko) Chrome/68.0.3440.106 Safari/537.36"
127.0.0.1 - - [25/Aug/2018:18:56:55 +0200] "POST /wp-admin/admin-ajax.php?action=wp_1_wc_regenerate_images&nonce=8edd12ad41 HTTP/1.1" 200 - "http://localhost/wp-admin/admin-ajax.php?action=wp_1_wc_regenerate_images&nonce=8edd12ad41" "WordPress/4.9.8; http://localhost"
127.0.0.1 - - [25/Aug/2018:18:56:56 +0200] "POST /wp-admin/admin-ajax.php?action=wp_1_wc_regenerate_images&nonce=8edd12ad41 HTTP/1.1" 200 - "http://localhost/wp-admin/admin-ajax.php?action=wp_1_wc_regenerate_images&nonce=8edd12ad41" "WordPress/4.9.8; http://localhost"
::1 - - [25/Aug/2018:18:56:57 +0200] "GET /?customize_changeset_uuid=2583a37e-0bca-4ea1-a982-58fe01010401&customize_theme=shopkeeper&customize_messenger_channel=preview-27&customize_autosaved=on HTTP/1.1" 200 76661 "http://localhost/?customize_changeset_uuid=2583a37e-0bca-4ea1-a982-58fe01010401&customize_theme=shopkeeper&customize_messenger_channel=preview-27&customize_autosaved=on" "Mozilla/5.0 (Windows NT 6.1; Win64; x64) AppleWebKit/537.36 (KHTML, like Gecko) Chrome/68.0.3440.106 Safari/537.36"
127.0.0.1 - - [25/Aug/2018:18:56:57 +0200] "POST /wp-admin/admin-ajax.php?action=wp_1_wc_regenerate_images&nonce=8edd12ad41 HTTP/1.1" 200 - "http://localhost/wp-admin/admin-ajax.php?action=wp_1_wc_regenerate_images&nonce=8edd12ad41" "WordPress/4.9.8; http://localhost"
::1 - - [25/Aug/2018:18:56:59 +0200] "POST /?customize_changeset_uuid=2583a37e-0bca-4ea1-a982-58fe01010401&customize_theme=shopkeeper&customize_messenger_channel=preview-28&customize_autosaved=on HTTP/1.1" 200 133099 "http://localhost/wp-admin/customize.php?url=http%3A%2F%2Flocalhost%2F" "Mozilla/5.0 (Windows NT 6.1; Win64; x64) AppleWebKit/537.36 (KHTML, like Gecko) Chrome/68.0.3440.106 Safari/537.36"
127.0.0.1 - - [25/Aug/2018:18:56:58 +0200] "POST /wp-admin/admin-ajax.php?action=wp_1_wc_regenerate_images&nonce=8edd12ad41 HTTP/1.1" 200 - "http://localhost/wp-admin/admin-ajax.php?action=wp_1_wc_regenerate_images&nonce=8edd12ad41" "WordPress/4.9.8; http://localhost"
127.0.0.1 - - [25/Aug/2018:18:56:59 +0200] "POST /wp-admin/admin-ajax.php?action=wp_1_wc_regenerate_images&nonce=8edd12ad41 HTTP/1.1" 200 - "http://localhost/wp-admin/admin-ajax.php?action=wp_1_wc_regenerate_images&nonce=8edd12ad41" "WordPress/4.9.8; http://localhost"
127.0.0.1 - - [25/Aug/2018:18:57:00 +0200] "POST /wp-admin/admin-ajax.php?action=wp_1_wc_regenerate_images&nonce=8edd12ad41 HTTP/1.1" 200 - "http://localhost/wp-admin/admin-ajax.php?action=wp_1_wc_regenerate_images&nonce=8edd12ad41" "WordPress/4.9.8; http://localhost"
::1 - - [25/Aug/2018:18:57:01 +0200] "POST /?customize_changeset_uuid=2583a37e-0bca-4ea1-a982-58fe01010401&customize_theme=shopkeeper&customize_messenger_channel=preview-29&customize_autosaved=on HTTP/1.1" 200 204158 "http://localhost/wp-admin/customize.php?url=http%3A%2F%2Flocalhost%2F" "Mozilla/5.0 (Windows NT 6.1; Win64; x64) AppleWebKit/537.36 (KHTML, like Gecko) Chrome/68.0.3440.106 Safari/537.36"
127.0.0.1 - - [25/Aug/2018:18:57:01 +0200] "POST /wp-admin/admin-ajax.php?action=wp_1_wc_regenerate_images&nonce=8edd12ad41 HTTP/1.1" 200 - "http://localhost/wp-admin/admin-ajax.php?action=wp_1_wc_regenerate_images&nonce=8edd12ad41" "WordPress/4.9.8; http://localhost"
127.0.0.1 - - [25/Aug/2018:18:57:01 +0200] "POST /wp-admin/admin-ajax.php?action=wp_1_wc_regenerate_images&nonce=8edd12ad41 HTTP/1.1" 200 - "http://localhost/wp-admin/admin-ajax.php?action=wp_1_wc_regenerate_images&nonce=8edd12ad41" "WordPress/4.9.8; http://localhost"
::1 - - [25/Aug/2018:18:57:03 +0200] "GET /?customize_changeset_uuid=2583a37e-0bca-4ea1-a982-58fe01010401&customize_theme=shopkeeper&customize_messenger_channel=preview-29&customize_autosaved=on HTTP/1.1" 200 98826 "http://localhost/?customize_changeset_uuid=2583a37e-0bca-4ea1-a982-58fe01010401&customize_theme=shopkeeper&customize_messenger_channel=preview-29&customize_autosaved=on" "Mozilla/5.0 (Windows NT 6.1; Win64; x64) AppleWebKit/537.36 (KHTML, like Gecko) Chrome/68.0.3440.106 Safari/537.36"
127.0.0.1 - - [25/Aug/2018:18:57:03 +0200] "POST /wp-admin/admin-ajax.php?action=wp_1_wc_regenerate_images&nonce=8edd12ad41 HTTP/1.1" 200 - "http://localhost/wp-admin/admin-ajax.php?action=wp_1_wc_regenerate_images&nonce=8edd12ad41" "WordPress/4.9.8; http://localhost"
127.0.0.1 - - [25/Aug/2018:18:57:03 +0200] "POST /wp-admin/admin-ajax.php?action=wp_1_wc_regenerate_images&nonce=8edd12ad41 HTTP/1.1" 200 - "http://localhost/wp-admin/admin-ajax.php?action=wp_1_wc_regenerate_images&nonce=8edd12ad41" "WordPress/4.9.8; http://localhost"
127.0.0.1 - - [25/Aug/2018:18:57:04 +0200] "POST /wp-admin/admin-ajax.php?action=wp_1_wc_regenerate_images&nonce=8edd12ad41 HTTP/1.1" 200 - "http://localhost/wp-admin/admin-ajax.php?action=wp_1_wc_regenerate_images&nonce=8edd12ad41" "WordPress/4.9.8; http://localhost"
127.0.0.1 - - [25/Aug/2018:18:57:05 +0200] "POST /wp-admin/admin-ajax.php?action=wp_1_wc_regenerate_images&nonce=8edd12ad41 HTTP/1.1" 200 - "http://localhost/wp-admin/admin-ajax.php?action=wp_1_wc_regenerate_images&nonce=8edd12ad41" "WordPress/4.9.8; http://localhost"
127.0.0.1 - - [25/Aug/2018:18:57:06 +0200] "POST /wp-admin/admin-ajax.php?action=wp_1_wc_regenerate_images&nonce=8edd12ad41 HTTP/1.1" 200 - "http://localhost/wp-admin/admin-ajax.php?action=wp_1_wc_regenerate_images&nonce=8edd12ad41" "WordPress/4.9.8; http://localhost"
127.0.0.1 - - [25/Aug/2018:18:57:07 +0200] "POST /wp-admin/admin-ajax.php?action=wp_1_wc_regenerate_images&nonce=8edd12ad41 HTTP/1.1" 200 - "http://localhost/wp-admin/admin-ajax.php?action=wp_1_wc_regenerate_images&nonce=8edd12ad41" "WordPress/4.9.8; http://localhost"
127.0.0.1 - - [25/Aug/2018:18:57:07 +0200] "POST /wp-admin/admin-ajax.php?action=wp_1_wc_regenerate_images&nonce=8edd12ad41 HTTP/1.1" 200 - "http://localhost/wp-admin/admin-ajax.php?action=wp_1_wc_regenerate_images&nonce=8edd12ad41" "WordPress/4.9.8; http://localhost"
127.0.0.1 - - [25/Aug/2018:18:57:08 +0200] "POST /wp-admin/admin-ajax.php?action=wp_1_wc_regenerate_images&nonce=8edd12ad41 HTTP/1.1" 200 - "http://localhost/wp-admin/admin-ajax.php?action=wp_1_wc_regenerate_images&nonce=8edd12ad41" "WordPress/4.9.8; http://localhost"
127.0.0.1 - - [25/Aug/2018:18:57:09 +0200] "POST /wp-admin/admin-ajax.php?action=wp_1_wc_regenerate_images&nonce=8edd12ad41 HTTP/1.1" 200 - "http://localhost/wp-admin/admin-ajax.php?action=wp_1_wc_regenerate_images&nonce=8edd12ad41" "WordPress/4.9.8; http://localhost"
127.0.0.1 - - [25/Aug/2018:18:57:09 +0200] "POST /wp-admin/admin-ajax.php?action=wp_1_wc_regenerate_images&nonce=8edd12ad41 HTTP/1.1" 200 - "http://localhost/wp-admin/admin-ajax.php?action=wp_1_wc_regenerate_images&nonce=8edd12ad41" "WordPress/4.9.8; http://localhost"
127.0.0.1 - - [25/Aug/2018:18:57:10 +0200] "POST /wp-admin/admin-ajax.php?action=wp_1_wc_regenerate_images&nonce=8edd12ad41 HTTP/1.1" 200 - "http://localhost/wp-admin/admin-ajax.php?action=wp_1_wc_regenerate_images&nonce=8edd12ad41" "WordPress/4.9.8; http://localhost"
127.0.0.1 - - [25/Aug/2018:18:57:10 +0200] "POST /wp-admin/admin-ajax.php?action=wp_1_wc_regenerate_images&nonce=8edd12ad41 HTTP/1.1" 200 - "http://localhost/wp-admin/admin-ajax.php?action=wp_1_wc_regenerate_images&nonce=8edd12ad41" "WordPress/4.9.8; http://localhost"
127.0.0.1 - - [25/Aug/2018:18:57:11 +0200] "POST /wp-admin/admin-ajax.php?action=wp_1_wc_regenerate_images&nonce=8edd12ad41 HTTP/1.1" 200 - "http://localhost/wp-admin/admin-ajax.php?action=wp_1_wc_regenerate_images&nonce=8edd12ad41" "WordPress/4.9.8; http://localhost"
::1 - - [25/Aug/2018:18:57:12 +0200] "POST /wp-admin/admin-ajax.php HTTP/1.1" 200 167 "http://localhost/wp-admin/customize.php?url=http%3A%2F%2Flocalhost%2F" "Mozilla/5.0 (Windows NT 6.1; Win64; x64) AppleWebKit/537.36 (KHTML, like Gecko) Chrome/68.0.3440.106 Safari/537.36"
127.0.0.1 - - [25/Aug/2018:18:57:12 +0200] "POST /wp-admin/admin-ajax.php?action=wp_1_wc_regenerate_images&nonce=8edd12ad41 HTTP/1.1" 200 - "http://localhost/wp-admin/admin-ajax.php?action=wp_1_wc_regenerate_images&nonce=8edd12ad41" "WordPress/4.9.8; http://localhost"
127.0.0.1 - - [25/Aug/2018:18:57:12 +0200] "POST /wp-admin/admin-ajax.php?action=wp_1_wc_regenerate_images&nonce=8edd12ad41 HTTP/1.1" 200 - "http://localhost/wp-admin/admin-ajax.php?action=wp_1_wc_regenerate_images&nonce=8edd12ad41" "WordPress/4.9.8; http://localhost"
127.0.0.1 - - [25/Aug/2018:18:57:13 +0200] "POST /wp-admin/admin-ajax.php?action=wp_1_wc_regenerate_images&nonce=8edd12ad41 HTTP/1.1" 200 - "http://localhost/wp-admin/admin-ajax.php?action=wp_1_wc_regenerate_images&nonce=8edd12ad41" "WordPress/4.9.8; http://localhost"
127.0.0.1 - - [25/Aug/2018:18:57:14 +0200] "POST /wp-admin/admin-ajax.php?action=wp_1_wc_regenerate_images&nonce=8edd12ad41 HTTP/1.1" 200 - "http://localhost/wp-admin/admin-ajax.php?action=wp_1_wc_regenerate_images&nonce=8edd12ad41" "WordPress/4.9.8; http://localhost"
127.0.0.1 - - [25/Aug/2018:18:57:14 +0200] "POST /wp-admin/admin-ajax.php?action=wp_1_wc_regenerate_images&nonce=8edd12ad41 HTTP/1.1" 200 - "http://localhost/wp-admin/admin-ajax.php?action=wp_1_wc_regenerate_images&nonce=8edd12ad41" "WordPress/4.9.8; http://localhost"
127.0.0.1 - - [25/Aug/2018:18:57:15 +0200] "POST /wp-admin/admin-ajax.php?action=wp_1_wc_regenerate_images&nonce=8edd12ad41 HTTP/1.1" 200 - "http://localhost/wp-admin/admin-ajax.php?action=wp_1_wc_regenerate_images&nonce=8edd12ad41" "WordPress/4.9.8; http://localhost"
127.0.0.1 - - [25/Aug/2018:18:57:16 +0200] "POST /wp-admin/admin-ajax.php?action=wp_1_wc_regenerate_images&nonce=8edd12ad41 HTTP/1.1" 200 - "http://localhost/wp-admin/admin-ajax.php?action=wp_1_wc_regenerate_images&nonce=8edd12ad41" "WordPress/4.9.8; http://localhost"
127.0.0.1 - - [25/Aug/2018:18:57:16 +0200] "POST /wp-admin/admin-ajax.php?action=wp_1_wc_regenerate_images&nonce=8edd12ad41 HTTP/1.1" 200 - "http://localhost/wp-admin/admin-ajax.php?action=wp_1_wc_regenerate_images&nonce=8edd12ad41" "WordPress/4.9.8; http://localhost"
127.0.0.1 - - [25/Aug/2018:18:57:17 +0200] "POST /wp-admin/admin-ajax.php?action=wp_1_wc_regenerate_images&nonce=8edd12ad41 HTTP/1.1" 200 - "http://localhost/wp-admin/admin-ajax.php?action=wp_1_wc_regenerate_images&nonce=8edd12ad41" "WordPress/4.9.8; http://localhost"
127.0.0.1 - - [25/Aug/2018:18:57:18 +0200] "POST /wp-admin/admin-ajax.php?action=wp_1_wc_regenerate_images&nonce=8edd12ad41 HTTP/1.1" 200 - "http://localhost/wp-admin/admin-ajax.php?action=wp_1_wc_regenerate_images&nonce=8edd12ad41" "WordPress/4.9.8; http://localhost"
127.0.0.1 - - [25/Aug/2018:18:57:18 +0200] "POST /wp-admin/admin-ajax.php?action=wp_1_wc_regenerate_images&nonce=8edd12ad41 HTTP/1.1" 200 - "http://localhost/wp-admin/admin-ajax.php?action=wp_1_wc_regenerate_images&nonce=8edd12ad41" "WordPress/4.9.8; http://localhost"
127.0.0.1 - - [25/Aug/2018:18:57:19 +0200] "POST /wp-admin/admin-ajax.php?action=wp_1_wc_regenerate_images&nonce=8edd12ad41 HTTP/1.1" 200 - "http://localhost/wp-admin/admin-ajax.php?action=wp_1_wc_regenerate_images&nonce=8edd12ad41" "WordPress/4.9.8; http://localhost"
127.0.0.1 - - [25/Aug/2018:18:57:19 +0200] "POST /wp-admin/admin-ajax.php?action=wp_1_wc_regenerate_images&nonce=8edd12ad41 HTTP/1.1" 200 - "http://localhost/wp-admin/admin-ajax.php?action=wp_1_wc_regenerate_images&nonce=8edd12ad41" "WordPress/4.9.8; http://localhost"
127.0.0.1 - - [25/Aug/2018:18:57:20 +0200] "POST /wp-admin/admin-ajax.php?action=wp_1_wc_regenerate_images&nonce=8edd12ad41 HTTP/1.1" 200 - "http://localhost/wp-admin/admin-ajax.php?action=wp_1_wc_regenerate_images&nonce=8edd12ad41" "WordPress/4.9.8; http://localhost"
127.0.0.1 - - [25/Aug/2018:18:57:21 +0200] "POST /wp-admin/admin-ajax.php?action=wp_1_wc_regenerate_images&nonce=8edd12ad41 HTTP/1.1" 200 - "http://localhost/wp-admin/admin-ajax.php?action=wp_1_wc_regenerate_images&nonce=8edd12ad41" "WordPress/4.9.8; http://localhost"
127.0.0.1 - - [25/Aug/2018:18:57:22 +0200] "POST /wp-admin/admin-ajax.php?action=wp_1_wc_regenerate_images&nonce=8edd12ad41 HTTP/1.1" 200 - "http://localhost/wp-admin/admin-ajax.php?action=wp_1_wc_regenerate_images&nonce=8edd12ad41" "WordPress/4.9.8; http://localhost"
127.0.0.1 - - [25/Aug/2018:18:57:22 +0200] "POST /wp-admin/admin-ajax.php?action=wp_1_wc_regenerate_images&nonce=8edd12ad41 HTTP/1.1" 200 - "http://localhost/wp-admin/admin-ajax.php?action=wp_1_wc_regenerate_images&nonce=8edd12ad41" "WordPress/4.9.8; http://localhost"
127.0.0.1 - - [25/Aug/2018:18:57:23 +0200] "POST /wp-admin/admin-ajax.php?action=wp_1_wc_regenerate_images&nonce=8edd12ad41 HTTP/1.1" 200 - "http://localhost/wp-admin/admin-ajax.php?action=wp_1_wc_regenerate_images&nonce=8edd12ad41" "WordPress/4.9.8; http://localhost"
127.0.0.1 - - [25/Aug/2018:18:57:24 +0200] "POST /wp-admin/admin-ajax.php?action=wp_1_wc_regenerate_images&nonce=8edd12ad41 HTTP/1.1" 200 - "http://localhost/wp-admin/admin-ajax.php?action=wp_1_wc_regenerate_images&nonce=8edd12ad41" "WordPress/4.9.8; http://localhost"
127.0.0.1 - - [25/Aug/2018:18:57:24 +0200] "POST /wp-admin/admin-ajax.php?action=wp_1_wc_regenerate_images&nonce=8edd12ad41 HTTP/1.1" 200 - "http://localhost/wp-admin/admin-ajax.php?action=wp_1_wc_regenerate_images&nonce=8edd12ad41" "WordPress/4.9.8; http://localhost"
127.0.0.1 - - [25/Aug/2018:18:57:25 +0200] "POST /wp-admin/admin-ajax.php?action=wp_1_wc_regenerate_images&nonce=8edd12ad41 HTTP/1.1" 200 - "http://localhost/wp-admin/admin-ajax.php?action=wp_1_wc_regenerate_images&nonce=8edd12ad41" "WordPress/4.9.8; http://localhost"
::1 - - [25/Aug/2018:18:57:27 +0200] "POST /wp-admin/admin-ajax.php HTTP/1.1" 200 47 "http://localhost/wp-admin/admin.php?page=yith_wcwl_panel" "Mozilla/5.0 (Windows NT 6.1; Win64; x64) AppleWebKit/537.36 (KHTML, like Gecko) Chrome/68.0.3440.106 Safari/537.36"
::1 - - [25/Aug/2018:18:57:27 +0200] "POST /wp-admin/admin-ajax.php HTTP/1.1" 200 47 "http://localhost/wp-admin/post.php?post=2861&action=edit" "Mozilla/5.0 (Windows NT 6.1; Win64; x64) AppleWebKit/537.36 (KHTML, like Gecko) Chrome/68.0.3440.106 Safari/537.36"
127.0.0.1 - - [25/Aug/2018:18:57:26 +0200] "POST /wp-admin/admin-ajax.php?action=wp_1_wc_regenerate_images&nonce=8edd12ad41 HTTP/1.1" 200 - "http://localhost/wp-admin/admin-ajax.php?action=wp_1_wc_regenerate_images&nonce=8edd12ad41" "WordPress/4.9.8; http://localhost"
127.0.0.1 - - [25/Aug/2018:18:57:26 +0200] "POST /wp-admin/admin-ajax.php?action=wp_1_wc_regenerate_images&nonce=8edd12ad41 HTTP/1.1" 200 - "http://localhost/wp-admin/admin-ajax.php?action=wp_1_wc_regenerate_images&nonce=8edd12ad41" "WordPress/4.9.8; http://localhost"
127.0.0.1 - - [25/Aug/2018:18:57:28 +0200] "POST /wp-admin/admin-ajax.php?action=wp_1_wc_regenerate_images&nonce=8edd12ad41 HTTP/1.1" 200 - "http://localhost/wp-admin/admin-ajax.php?action=wp_1_wc_regenerate_images&nonce=8edd12ad41" "WordPress/4.9.8; http://localhost"
127.0.0.1 - - [25/Aug/2018:18:57:28 +0200] "POST /wp-admin/admin-ajax.php?action=wp_1_wc_regenerate_images&nonce=8edd12ad41 HTTP/1.1" 200 - "http://localhost/wp-admin/admin-ajax.php?action=wp_1_wc_regenerate_images&nonce=8edd12ad41" "WordPress/4.9.8; http://localhost"
127.0.0.1 - - [25/Aug/2018:18:57:30 +0200] "POST /wp-admin/admin-ajax.php?action=wp_1_wc_regenerate_images&nonce=8edd12ad41 HTTP/1.1" 200 - "http://localhost/wp-admin/admin-ajax.php?action=wp_1_wc_regenerate_images&nonce=8edd12ad41" "WordPress/4.9.8; http://localhost"
127.0.0.1 - - [25/Aug/2018:18:57:31 +0200] "POST /wp-admin/admin-ajax.php?action=wp_1_wc_regenerate_images&nonce=8edd12ad41 HTTP/1.1" 200 - "http://localhost/wp-admin/admin-ajax.php?action=wp_1_wc_regenerate_images&nonce=8edd12ad41" "WordPress/4.9.8; http://localhost"
127.0.0.1 - - [25/Aug/2018:18:57:31 +0200] "POST /wp-admin/admin-ajax.php?action=wp_1_wc_regenerate_images&nonce=8edd12ad41 HTTP/1.1" 200 - "http://localhost/wp-admin/admin-ajax.php?action=wp_1_wc_regenerate_images&nonce=8edd12ad41" "WordPress/4.9.8; http://localhost"
127.0.0.1 - - [25/Aug/2018:18:57:32 +0200] "POST /wp-admin/admin-ajax.php?action=wp_1_wc_regenerate_images&nonce=8edd12ad41 HTTP/1.1" 200 - "http://localhost/wp-admin/admin-ajax.php?action=wp_1_wc_regenerate_images&nonce=8edd12ad41" "WordPress/4.9.8; http://localhost"
127.0.0.1 - - [25/Aug/2018:18:57:33 +0200] "POST /wp-admin/admin-ajax.php?action=wp_1_wc_regenerate_images&nonce=8edd12ad41 HTTP/1.1" 200 - "http://localhost/wp-admin/admin-ajax.php?action=wp_1_wc_regenerate_images&nonce=8edd12ad41" "WordPress/4.9.8; http://localhost"
127.0.0.1 - - [25/Aug/2018:18:57:33 +0200] "POST /wp-admin/admin-ajax.php?action=wp_1_wc_regenerate_images&nonce=8edd12ad41 HTTP/1.1" 200 - "http://localhost/wp-admin/admin-ajax.php?action=wp_1_wc_regenerate_images&nonce=8edd12ad41" "WordPress/4.9.8; http://localhost"
127.0.0.1 - - [25/Aug/2018:18:57:35 +0200] "POST /wp-admin/admin-ajax.php?action=wp_1_wc_regenerate_images&nonce=8edd12ad41 HTTP/1.1" 200 - "http://localhost/wp-admin/admin-ajax.php?action=wp_1_wc_regenerate_images&nonce=8edd12ad41" "WordPress/4.9.8; http://localhost"
127.0.0.1 - - [25/Aug/2018:18:57:35 +0200] "POST /wp-admin/admin-ajax.php?action=wp_1_wc_regenerate_images&nonce=8edd12ad41 HTTP/1.1" 200 - "http://localhost/wp-admin/admin-ajax.php?action=wp_1_wc_regenerate_images&nonce=8edd12ad41" "WordPress/4.9.8; http://localhost"
127.0.0.1 - - [25/Aug/2018:18:57:36 +0200] "POST /wp-admin/admin-ajax.php?action=wp_1_wc_regenerate_images&nonce=8edd12ad41 HTTP/1.1" 200 - "http://localhost/wp-admin/admin-ajax.php?action=wp_1_wc_regenerate_images&nonce=8edd12ad41" "WordPress/4.9.8; http://localhost"
127.0.0.1 - - [25/Aug/2018:18:57:36 +0200] "POST /wp-admin/admin-ajax.php?action=wp_1_wc_regenerate_images&nonce=8edd12ad41 HTTP/1.1" 200 - "http://localhost/wp-admin/admin-ajax.php?action=wp_1_wc_regenerate_images&nonce=8edd12ad41" "WordPress/4.9.8; http://localhost"
127.0.0.1 - - [25/Aug/2018:18:57:37 +0200] "POST /wp-admin/admin-ajax.php?action=wp_1_wc_regenerate_images&nonce=8edd12ad41 HTTP/1.1" 200 - "http://localhost/wp-admin/admin-ajax.php?action=wp_1_wc_regenerate_images&nonce=8edd12ad41" "WordPress/4.9.8; http://localhost"
127.0.0.1 - - [25/Aug/2018:18:57:38 +0200] "POST /wp-admin/admin-ajax.php?action=wp_1_wc_regenerate_images&nonce=8edd12ad41 HTTP/1.1" 200 - "http://localhost/wp-admin/admin-ajax.php?action=wp_1_wc_regenerate_images&nonce=8edd12ad41" "WordPress/4.9.8; http://localhost"
127.0.0.1 - - [25/Aug/2018:18:57:39 +0200] "POST /wp-admin/admin-ajax.php?action=wp_1_wc_regenerate_images&nonce=8edd12ad41 HTTP/1.1" 200 - "http://localhost/wp-admin/admin-ajax.php?action=wp_1_wc_regenerate_images&nonce=8edd12ad41" "WordPress/4.9.8; http://localhost"
127.0.0.1 - - [25/Aug/2018:18:57:39 +0200] "POST /wp-admin/admin-ajax.php?action=wp_1_wc_regenerate_images&nonce=8edd12ad41 HTTP/1.1" 200 - "http://localhost/wp-admin/admin-ajax.php?action=wp_1_wc_regenerate_images&nonce=8edd12ad41" "WordPress/4.9.8; http://localhost"
127.0.0.1 - - [25/Aug/2018:18:57:40 +0200] "POST /wp-admin/admin-ajax.php?action=wp_1_wc_regenerate_images&nonce=8edd12ad41 HTTP/1.1" 200 - "http://localhost/wp-admin/admin-ajax.php?action=wp_1_wc_regenerate_images&nonce=8edd12ad41" "WordPress/4.9.8; http://localhost"
127.0.0.1 - - [25/Aug/2018:18:57:40 +0200] "POST /wp-admin/admin-ajax.php?action=wp_1_wc_regenerate_images&nonce=8edd12ad41 HTTP/1.1" 200 - "http://localhost/wp-admin/admin-ajax.php?action=wp_1_wc_regenerate_images&nonce=8edd12ad41" "WordPress/4.9.8; http://localhost"
127.0.0.1 - - [25/Aug/2018:18:57:41 +0200] "POST /wp-admin/admin-ajax.php?action=wp_1_wc_regenerate_images&nonce=8edd12ad41 HTTP/1.1" 200 - "http://localhost/wp-admin/admin-ajax.php?action=wp_1_wc_regenerate_images&nonce=8edd12ad41" "WordPress/4.9.8; http://localhost"
127.0.0.1 - - [25/Aug/2018:18:57:41 +0200] "POST /wp-admin/admin-ajax.php?action=wp_1_wc_regenerate_images&nonce=8edd12ad41 HTTP/1.1" 200 - "http://localhost/wp-admin/admin-ajax.php?action=wp_1_wc_regenerate_images&nonce=8edd12ad41" "WordPress/4.9.8; http://localhost"
127.0.0.1 - - [25/Aug/2018:18:57:42 +0200] "POST /wp-admin/admin-ajax.php?action=wp_1_wc_regenerate_images&nonce=8edd12ad41 HTTP/1.1" 200 - "http://localhost/wp-admin/admin-ajax.php?action=wp_1_wc_regenerate_images&nonce=8edd12ad41" "WordPress/4.9.8; http://localhost"
127.0.0.1 - - [25/Aug/2018:18:57:42 +0200] "POST /wp-admin/admin-ajax.php?action=wp_1_wc_regenerate_images&nonce=8edd12ad41 HTTP/1.1" 200 - "http://localhost/wp-admin/admin-ajax.php?action=wp_1_wc_regenerate_images&nonce=8edd12ad41" "WordPress/4.9.8; http://localhost"
127.0.0.1 - - [25/Aug/2018:18:57:43 +0200] "POST /wp-admin/admin-ajax.php?action=wp_1_wc_regenerate_images&nonce=8edd12ad41 HTTP/1.1" 200 - "http://localhost/wp-admin/admin-ajax.php?action=wp_1_wc_regenerate_images&nonce=8edd12ad41" "WordPress/4.9.8; http://localhost"
127.0.0.1 - - [25/Aug/2018:18:57:43 +0200] "POST /wp-admin/admin-ajax.php?action=wp_1_wc_regenerate_images&nonce=8edd12ad41 HTTP/1.1" 200 - "http://localhost/wp-admin/admin-ajax.php?action=wp_1_wc_regenerate_images&nonce=8edd12ad41" "WordPress/4.9.8; http://localhost"
127.0.0.1 - - [25/Aug/2018:18:57:45 +0200] "POST /wp-admin/admin-ajax.php?action=wp_1_wc_regenerate_images&nonce=8edd12ad41 HTTP/1.1" 200 - "http://localhost/wp-admin/admin-ajax.php?action=wp_1_wc_regenerate_images&nonce=8edd12ad41" "WordPress/4.9.8; http://localhost"
127.0.0.1 - - [25/Aug/2018:18:57:45 +0200] "POST /wp-admin/admin-ajax.php?action=wp_1_wc_regenerate_images&nonce=8edd12ad41 HTTP/1.1" 200 - "http://localhost/wp-admin/admin-ajax.php?action=wp_1_wc_regenerate_images&nonce=8edd12ad41" "WordPress/4.9.8; http://localhost"
::1 - - [25/Aug/2018:18:57:46 +0200] "POST /wp-admin/admin-ajax.php HTTP/1.1" 200 47 "http://localhost/wp-admin/customize.php?url=http%3A%2F%2Flocalhost%2F" "Mozilla/5.0 (Windows NT 6.1; Win64; x64) AppleWebKit/537.36 (KHTML, like Gecko) Chrome/68.0.3440.106 Safari/537.36"
127.0.0.1 - - [25/Aug/2018:18:57:46 +0200] "POST /wp-admin/admin-ajax.php?action=wp_1_wc_regenerate_images&nonce=8edd12ad41 HTTP/1.1" 200 - "http://localhost/wp-admin/admin-ajax.php?action=wp_1_wc_regenerate_images&nonce=8edd12ad41" "WordPress/4.9.8; http://localhost"
127.0.0.1 - - [25/Aug/2018:18:57:46 +0200] "POST /wp-admin/admin-ajax.php?action=wp_1_wc_regenerate_images&nonce=8edd12ad41 HTTP/1.1" 200 - "http://localhost/wp-admin/admin-ajax.php?action=wp_1_wc_regenerate_images&nonce=8edd12ad41" "WordPress/4.9.8; http://localhost"
127.0.0.1 - - [25/Aug/2018:18:57:47 +0200] "POST /wp-admin/admin-ajax.php?action=wp_1_wc_regenerate_images&nonce=8edd12ad41 HTTP/1.1" 200 - "http://localhost/wp-admin/admin-ajax.php?action=wp_1_wc_regenerate_images&nonce=8edd12ad41" "WordPress/4.9.8; http://localhost"
127.0.0.1 - - [25/Aug/2018:18:57:48 +0200] "POST /wp-admin/admin-ajax.php?action=wp_1_wc_regenerate_images&nonce=8edd12ad41 HTTP/1.1" 200 - "http://localhost/wp-admin/admin-ajax.php?action=wp_1_wc_regenerate_images&nonce=8edd12ad41" "WordPress/4.9.8; http://localhost"
127.0.0.1 - - [25/Aug/2018:18:57:49 +0200] "POST /wp-admin/admin-ajax.php?action=wp_1_wc_regenerate_images&nonce=8edd12ad41 HTTP/1.1" 200 - "http://localhost/wp-admin/admin-ajax.php?action=wp_1_wc_regenerate_images&nonce=8edd12ad41" "WordPress/4.9.8; http://localhost"
127.0.0.1 - - [25/Aug/2018:18:57:49 +0200] "POST /wp-admin/admin-ajax.php?action=wp_1_wc_regenerate_images&nonce=8edd12ad41 HTTP/1.1" 200 - "http://localhost/wp-admin/admin-ajax.php?action=wp_1_wc_regenerate_images&nonce=8edd12ad41" "WordPress/4.9.8; http://localhost"
127.0.0.1 - - [25/Aug/2018:18:57:50 +0200] "POST /wp-admin/admin-ajax.php?action=wp_1_wc_regenerate_images&nonce=8edd12ad41 HTTP/1.1" 200 - "http://localhost/wp-admin/admin-ajax.php?action=wp_1_wc_regenerate_images&nonce=8edd12ad41" "WordPress/4.9.8; http://localhost"
::1 - - [25/Aug/2018:18:57:55 +0200] "POST /wp-admin/admin-ajax.php HTTP/1.1" 200 47 "http://localhost/wp-admin/customize.php?url=http%3A%2F%2Flocalhost%2F" "Mozilla/5.0 (Windows NT 6.1; Win64; x64) AppleWebKit/537.36 (KHTML, like Gecko) Chrome/68.0.3440.106 Safari/537.36"
::1 - - [25/Aug/2018:18:58:03 +0200] "POST /wp-admin/admin-ajax.php HTTP/1.1" 200 1 "http://localhost/wp-admin/post.php?post=2861&action=edit" "Mozilla/5.0 (Windows NT 6.1; Win64; x64) AppleWebKit/537.36 (KHTML, like Gecko) Chrome/68.0.3440.106 Safari/537.36"
::1 - - [25/Aug/2018:18:58:30 +0200] "POST /?customize_changeset_uuid=fad2c8eb-d73b-4dac-9751-ffc1624a0e42&customize_theme=shopkeeper&customize_messenger_channel=preview-3&customize_autosaved=on HTTP/1.1" 200 204135 "http://localhost/wp-admin/customize.php?url=http%3A%2F%2Flocalhost%2F" "Mozilla/5.0 (Windows NT 6.1; Win64; x64) AppleWebKit/537.36 (KHTML, like Gecko) Chrome/68.0.3440.106 Safari/537.36"
::1 - - [25/Aug/2018:18:58:31 +0200] "GET /wp-content/uploads/2018/08/512x512-e1535215785451-300x152.png HTTP/1.1" 304 - "http://localhost/?customize_changeset_uuid=fad2c8eb-d73b-4dac-9751-ffc1624a0e42&customize_theme=shopkeeper&customize_messenger_channel=preview-3&customize_autosaved=on" "Mozilla/5.0 (Windows NT 6.1; Win64; x64) AppleWebKit/537.36 (KHTML, like Gecko) Chrome/68.0.3440.106 Safari/537.36"
::1 - - [25/Aug/2018:18:58:31 +0200] "GET /wp-content/uploads/2018/08/512x512-e1535215785451.png HTTP/1.1" 304 - "http://localhost/?customize_changeset_uuid=fad2c8eb-d73b-4dac-9751-ffc1624a0e42&customize_theme=shopkeeper&customize_messenger_channel=preview-3&customize_autosaved=on" "Mozilla/5.0 (Windows NT 6.1; Win64; x64) AppleWebKit/537.36 (KHTML, like Gecko) Chrome/68.0.3440.106 Safari/537.36"
::1 - - [25/Aug/2018:18:58:31 +0200] "GET /wp-content/plugins/yith-woocommerce-wishlist/assets/js/jquery.selectBox.min.js?ver=1.2.0 HTTP/1.1" 304 - "http://localhost/?customize_changeset_uuid=fad2c8eb-d73b-4dac-9751-ffc1624a0e42&customize_theme=shopkeeper&customize_messenger_channel=preview-3&customize_autosaved=on" "Mozilla/5.0 (Windows NT 6.1; Win64; x64) AppleWebKit/537.36 (KHTML, like Gecko) Chrome/68.0.3440.106 Safari/537.36"
::1 - - [25/Aug/2018:18:58:31 +0200] "GET /wp-content/plugins/yith-woocommerce-wishlist/assets/js/jquery.yith-wcwl.js?ver=2.2.3 HTTP/1.1" 304 - "http://localhost/?customize_changeset_uuid=fad2c8eb-d73b-4dac-9751-ffc1624a0e42&customize_theme=shopkeeper&customize_messenger_channel=preview-3&customize_autosaved=on" "Mozilla/5.0 (Windows NT 6.1; Win64; x64) AppleWebKit/537.36 (KHTML, like Gecko) Chrome/68.0.3440.106 Safari/537.36"
::1 - - [25/Aug/2018:18:58:31 +0200] "GET /?customize_changeset_uuid=fad2c8eb-d73b-4dac-9751-ffc1624a0e42&customize_theme=shopkeeper&customize_messenger_channel=preview-3&customize_autosaved=on HTTP/1.1" 200 98826 "http://localhost/?customize_changeset_uuid=fad2c8eb-d73b-4dac-9751-ffc1624a0e42&customize_theme=shopkeeper&customize_messenger_channel=preview-3&customize_autosaved=on" "Mozilla/5.0 (Windows NT 6.1; Win64; x64) AppleWebKit/537.36 (KHTML, like Gecko) Chrome/68.0.3440.106 Safari/537.36"
::1 - - [25/Aug/2018:18:58:34 +0200] "POST /wp-admin/admin-ajax.php HTTP/1.1" 200 156 "http://localhost/wp-admin/customize.php?url=http%3A%2F%2Flocalhost%2F" "Mozilla/5.0 (Windows NT 6.1; Win64; x64) AppleWebKit/537.36 (KHTML, like Gecko) Chrome/68.0.3440.106 Safari/537.36"
::1 - - [25/Aug/2018:18:58:41 +0200] "GET /cart/?customize_changeset_uuid=8f707793-b12c-4f4e-b580-fa585fc1f5d8&customize_theme=shopkeeper&customize_messenger_channel=preview-4&customize_autosaved=on HTTP/1.1" 200 236186 "http://localhost/wp-admin/customize.php?url=http%3A%2F%2Flocalhost%2F" "Mozilla/5.0 (Windows NT 6.1; Win64; x64) AppleWebKit/537.36 (KHTML, like Gecko) Chrome/68.0.3440.106 Safari/537.36"
::1 - - [25/Aug/2018:18:58:46 +0200] "POST /wp-admin/admin-ajax.php HTTP/1.1" 200 47 "http://localhost/wp-admin/customize.php?url=http%3A%2F%2Flocalhost%2F" "Mozilla/5.0 (Windows NT 6.1; Win64; x64) AppleWebKit/537.36 (KHTML, like Gecko) Chrome/68.0.3440.106 Safari/537.36"
::1 - - [25/Aug/2018:18:58:49 +0200] "GET /cart/?customize_changeset_uuid=0107d7ba-e504-4da6-8ec8-e377ee886c24&customize_theme=shopkeeper&customize_messenger_channel=preview-30&customize_autosaved=on HTTP/1.1" 200 236187 "http://localhost/wp-admin/customize.php?url=http%3A%2F%2Flocalhost%2F" "Mozilla/5.0 (Windows NT 6.1; Win64; x64) AppleWebKit/537.36 (KHTML, like Gecko) Chrome/68.0.3440.106 Safari/537.36"
::1 - - [25/Aug/2018:18:58:50 +0200] "GET /wp-content/uploads/2018/08/512x512-e1535215785451.png HTTP/1.1" 304 - "http://localhost/cart/?customize_changeset_uuid=0107d7ba-e504-4da6-8ec8-e377ee886c24&customize_theme=shopkeeper&customize_messenger_channel=preview-30&customize_autosaved=on" "Mozilla/5.0 (Windows NT 6.1; Win64; x64) AppleWebKit/537.36 (KHTML, like Gecko) Chrome/68.0.3440.106 Safari/537.36"
::1 - - [25/Aug/2018:18:58:53 +0200] "GET / HTTP/1.1" 200 134071 "-" "Mozilla/5.0 (Windows NT 6.1; Win64; x64) AppleWebKit/537.36 (KHTML, like Gecko) Chrome/68.0.3440.106 Safari/537.36"
::1 - - [25/Aug/2018:18:58:54 +0200] "GET / HTTP/1.1" 200 93314 "http://localhost/" "Mozilla/5.0 (Windows NT 6.1; Win64; x64) AppleWebKit/537.36 (KHTML, like Gecko) Chrome/68.0.3440.106 Safari/537.36"
::1 - - [25/Aug/2018:18:58:56 +0200] "POST /wp-admin/admin-ajax.php HTTP/1.1" 200 47 "http://localhost/wp-admin/customize.php?url=http%3A%2F%2Flocalhost%2F" "Mozilla/5.0 (Windows NT 6.1; Win64; x64) AppleWebKit/537.36 (KHTML, like Gecko) Chrome/68.0.3440.106 Safari/537.36"
::1 - - [25/Aug/2018:18:59:16 +0200] "POST /cart/?customize_changeset_uuid=8f707793-b12c-4f4e-b580-fa585fc1f5d8&customize_theme=shopkeeper&customize_messenger_channel=preview-5&customize_autosaved=on HTTP/1.1" 200 76705 "http://localhost/wp-admin/customize.php?url=http%3A%2F%2Flocalhost%2F" "Mozilla/5.0 (Windows NT 6.1; Win64; x64) AppleWebKit/537.36 (KHTML, like Gecko) Chrome/68.0.3440.106 Safari/537.36"
::1 - - [25/Aug/2018:18:59:17 +0200] "POST /cart/?customize_changeset_uuid=8f707793-b12c-4f4e-b580-fa585fc1f5d8&customize_theme=shopkeeper&customize_messenger_channel=preview-6&customize_autosaved=on HTTP/1.1" 200 76705 "http://localhost/wp-admin/customize.php?url=http%3A%2F%2Flocalhost%2F" "Mozilla/5.0 (Windows NT 6.1; Win64; x64) AppleWebKit/537.36 (KHTML, like Gecko) Chrome/68.0.3440.106 Safari/537.36"
::1 - - [25/Aug/2018:18:59:18 +0200] "POST /cart/?customize_changeset_uuid=8f707793-b12c-4f4e-b580-fa585fc1f5d8&customize_theme=shopkeeper&customize_messenger_channel=preview-7&customize_autosaved=on HTTP/1.1" 200 236204 "http://localhost/wp-admin/customize.php?url=http%3A%2F%2Flocalhost%2F" "Mozilla/5.0 (Windows NT 6.1; Win64; x64) AppleWebKit/537.36 (KHTML, like Gecko) Chrome/68.0.3440.106 Safari/537.36"
::1 - - [25/Aug/2018:18:59:19 +0200] "POST /wp-admin/admin-ajax.php HTTP/1.1" 200 128628 "http://localhost/wp-admin/customize.php?url=http%3A%2F%2Flocalhost%2F" "Mozilla/5.0 (Windows NT 6.1; Win64; x64) AppleWebKit/537.36 (KHTML, like Gecko) Chrome/68.0.3440.106 Safari/537.36"
::1 - - [25/Aug/2018:18:59:26 +0200] "GET /wp-content/uploads/2018/08/512x512-e1535215785451-300x152.png HTTP/1.1" 304 - "http://localhost/wp-admin/customize.php?url=http%3A%2F%2Flocalhost%2F" "Mozilla/5.0 (Windows NT 6.1; Win64; x64) AppleWebKit/537.36 (KHTML, like Gecko) Chrome/68.0.3440.106 Safari/537.36"
::1 - - [25/Aug/2018:18:59:26 +0200] "POST /wp-admin/admin-ajax.php HTTP/1.1" 200 130428 "http://localhost/wp-admin/customize.php?url=http%3A%2F%2Flocalhost%2F" "Mozilla/5.0 (Windows NT 6.1; Win64; x64) AppleWebKit/537.36 (KHTML, like Gecko) Chrome/68.0.3440.106 Safari/537.36"
::1 - - [25/Aug/2018:18:59:27 +0200] "POST /wp-admin/admin-ajax.php HTTP/1.1" 200 128576 "http://localhost/wp-admin/customize.php?url=http%3A%2F%2Flocalhost%2F" "Mozilla/5.0 (Windows NT 6.1; Win64; x64) AppleWebKit/537.36 (KHTML, like Gecko) Chrome/68.0.3440.106 Safari/537.36"
::1 - - [25/Aug/2018:18:59:26 +0200] "POST /wp-admin/async-upload.php HTTP/1.1" 200 3005 "http://localhost/wp-admin/customize.php?url=http%3A%2F%2Flocalhost%2F" "Mozilla/5.0 (Windows NT 6.1; Win64; x64) AppleWebKit/537.36 (KHTML, like Gecko) Chrome/68.0.3440.106 Safari/537.36"
::1 - - [25/Aug/2018:18:59:33 +0200] "GET /wp-content/uploads/2018/08/512x512-1-300x300.png HTTP/1.1" 200 17784 "http://localhost/wp-admin/customize.php?url=http%3A%2F%2Flocalhost%2F" "Mozilla/5.0 (Windows NT 6.1; Win64; x64) AppleWebKit/537.36 (KHTML, like Gecko) Chrome/68.0.3440.106 Safari/537.36"
::1 - - [25/Aug/2018:18:59:40 +0200] "POST /wp-admin/admin-ajax.php HTTP/1.1" 200 3486 "http://localhost/wp-admin/customize.php?url=http%3A%2F%2Flocalhost%2F" "Mozilla/5.0 (Windows NT 6.1; Win64; x64) AppleWebKit/537.36 (KHTML, like Gecko) Chrome/68.0.3440.106 Safari/537.36"
::1 - - [25/Aug/2018:18:59:42 +0200] "GET /wp-content/uploads/2018/08/cropped-512x512-1.png HTTP/1.1" 200 13597 "http://localhost/wp-admin/customize.php?url=http%3A%2F%2Flocalhost%2F" "Mozilla/5.0 (Windows NT 6.1; Win64; x64) AppleWebKit/537.36 (KHTML, like Gecko) Chrome/68.0.3440.106 Safari/537.36"
::1 - - [25/Aug/2018:18:59:42 +0200] "GET /wp-content/uploads/2018/08/cropped-512x512-1-32x32.png HTTP/1.1" 200 699 "http://localhost/wp-admin/customize.php?url=http%3A%2F%2Flocalhost%2F" "Mozilla/5.0 (Windows NT 6.1; Win64; x64) AppleWebKit/537.36 (KHTML, like Gecko) Chrome/68.0.3440.106 Safari/537.36"
::1 - - [25/Aug/2018:18:59:46 +0200] "POST /wp-admin/admin-ajax.php HTTP/1.1" 200 137 "http://localhost/wp-admin/customize.php?url=http%3A%2F%2Flocalhost%2F" "Mozilla/5.0 (Windows NT 6.1; Win64; x64) AppleWebKit/537.36 (KHTML, like Gecko) Chrome/68.0.3440.106 Safari/537.36"
::1 - - [25/Aug/2018:18:59:50 +0200] "POST /wp-admin/admin-ajax.php HTTP/1.1" 200 178 "http://localhost/wp-admin/customize.php?url=http%3A%2F%2Flocalhost%2F" "Mozilla/5.0 (Windows NT 6.1; Win64; x64) AppleWebKit/537.36 (KHTML, like Gecko) Chrome/68.0.3440.106 Safari/537.36"
::1 - - [25/Aug/2018:18:59:56 +0200] "POST /wp-admin/admin-ajax.php HTTP/1.1" 200 47 "http://localhost/wp-admin/customize.php?url=http%3A%2F%2Flocalhost%2F" "Mozilla/5.0 (Windows NT 6.1; Win64; x64) AppleWebKit/537.36 (KHTML, like Gecko) Chrome/68.0.3440.106 Safari/537.36"
::1 - - [25/Aug/2018:18:59:56 +0200] "POST /wp-admin/admin-ajax.php HTTP/1.1" 200 15183 "http://localhost/wp-admin/customize.php?url=http%3A%2F%2Flocalhost%2F" "Mozilla/5.0 (Windows NT 6.1; Win64; x64) AppleWebKit/537.36 (KHTML, like Gecko) Chrome/68.0.3440.106 Safari/537.36"
::1 - - [25/Aug/2018:19:00:26 +0200] "POST /cart/?customize_autosaved=on&customize_changeset_uuid=6761f716-ee02-46e7-8952-9038edf7ad3e&customize_preview_nonce=0ccdbd6606 HTTP/1.1" 200 654 "http://localhost/cart/?customize_changeset_uuid=8f707793-b12c-4f4e-b580-fa585fc1f5d8&customize_theme=shopkeeper&customize_messenger_channel=preview-7&customize_autosaved=on" "Mozilla/5.0 (Windows NT 6.1; Win64; x64) AppleWebKit/537.36 (KHTML, like Gecko) Chrome/68.0.3440.106 Safari/537.36"
::1 - - [25/Aug/2018:19:00:27 +0200] "POST /cart/?customize_changeset_uuid=6761f716-ee02-46e7-8952-9038edf7ad3e&customize_theme=shopkeeper&customize_messenger_channel=preview-8&customize_autosaved=on HTTP/1.1" 200 166270 "http://localhost/wp-admin/customize.php?url=http%3A%2F%2Flocalhost%2F" "Mozilla/5.0 (Windows NT 6.1; Win64; x64) AppleWebKit/537.36 (KHTML, like Gecko) Chrome/68.0.3440.106 Safari/537.36"
::1 - - [25/Aug/2018:19:00:28 +0200] "POST /cart/?customize_changeset_uuid=6761f716-ee02-46e7-8952-9038edf7ad3e&customize_theme=shopkeeper&customize_messenger_channel=preview-9&customize_autosaved=on HTTP/1.1" 200 205741 "http://localhost/wp-admin/customize.php?url=http%3A%2F%2Flocalhost%2F" "Mozilla/5.0 (Windows NT 6.1; Win64; x64) AppleWebKit/537.36 (KHTML, like Gecko) Chrome/68.0.3440.106 Safari/537.36"
::1 - - [25/Aug/2018:19:00:30 +0200] "GET /wp-content/uploads/2018/08/512x512-e1535215785451.png HTTP/1.1" 304 - "http://localhost/cart/?customize_changeset_uuid=6761f716-ee02-46e7-8952-9038edf7ad3e&customize_theme=shopkeeper&customize_messenger_channel=preview-9&customize_autosaved=on" "Mozilla/5.0 (Windows NT 6.1; Win64; x64) AppleWebKit/537.36 (KHTML, like Gecko) Chrome/68.0.3440.106 Safari/537.36"
::1 - - [25/Aug/2018:19:00:37 +0200] "POST /cart/?customize_changeset_uuid=6761f716-ee02-46e7-8952-9038edf7ad3e&customize_theme=shopkeeper&customize_messenger_channel=preview-10&customize_autosaved=on HTTP/1.1" 200 77046 "http://localhost/wp-admin/customize.php?url=http%3A%2F%2Flocalhost%2F" "Mozilla/5.0 (Windows NT 6.1; Win64; x64) AppleWebKit/537.36 (KHTML, like Gecko) Chrome/68.0.3440.106 Safari/537.36"
::1 - - [25/Aug/2018:19:00:39 +0200] "POST /cart/?customize_changeset_uuid=6761f716-ee02-46e7-8952-9038edf7ad3e&customize_theme=shopkeeper&customize_messenger_channel=preview-11&customize_autosaved=on HTTP/1.1" 200 208394 "http://localhost/wp-admin/customize.php?url=http%3A%2F%2Flocalhost%2F" "Mozilla/5.0 (Windows NT 6.1; Win64; x64) AppleWebKit/537.36 (KHTML, like Gecko) Chrome/68.0.3440.106 Safari/537.36"
::1 - - [25/Aug/2018:19:00:40 +0200] "POST /wp-admin/admin-ajax.php HTTP/1.1" 200 1222 "http://localhost/wp-admin/customize.php?url=http%3A%2F%2Flocalhost%2F" "Mozilla/5.0 (Windows NT 6.1; Win64; x64) AppleWebKit/537.36 (KHTML, like Gecko) Chrome/68.0.3440.106 Safari/537.36"
::1 - - [25/Aug/2018:19:00:42 +0200] "POST /cart/?customize_autosaved=on&customize_changeset_uuid=6761f716-ee02-46e7-8952-9038edf7ad3e&customize_preview_nonce=0ccdbd6606 HTTP/1.1" 200 2080 "http://localhost/cart/?customize_changeset_uuid=6761f716-ee02-46e7-8952-9038edf7ad3e&customize_theme=shopkeeper&customize_messenger_channel=preview-11&customize_autosaved=on" "Mozilla/5.0 (Windows NT 6.1; Win64; x64) AppleWebKit/537.36 (KHTML, like Gecko) Chrome/68.0.3440.106 Safari/537.36"
::1 - - [25/Aug/2018:19:00:43 +0200] "POST /wp-admin/admin-ajax.php HTTP/1.1" 200 61 "http://localhost/wp-admin/customize.php?url=http%3A%2F%2Flocalhost%2F" "Mozilla/5.0 (Windows NT 6.1; Win64; x64) AppleWebKit/537.36 (KHTML, like Gecko) Chrome/68.0.3440.106 Safari/537.36"
::1 - - [25/Aug/2018:19:00:46 +0200] "POST /wp-admin/admin-ajax.php HTTP/1.1" 200 270 "http://localhost/wp-admin/customize.php?url=http%3A%2F%2Flocalhost%2F" "Mozilla/5.0 (Windows NT 6.1; Win64; x64) AppleWebKit/537.36 (KHTML, like Gecko) Chrome/68.0.3440.106 Safari/537.36"
::1 - - [25/Aug/2018:19:00:56 +0200] "POST /wp-admin/admin-ajax.php HTTP/1.1" 200 47 "http://localhost/wp-admin/customize.php?url=http%3A%2F%2Flocalhost%2F" "Mozilla/5.0 (Windows NT 6.1; Win64; x64) AppleWebKit/537.36 (KHTML, like Gecko) Chrome/68.0.3440.106 Safari/537.36"
::1 - - [25/Aug/2018:19:01:05 +0200] "POST /wp-admin/admin-ajax.php HTTP/1.1" 200 714 "http://localhost/wp-admin/customize.php?url=http%3A%2F%2Flocalhost%2F" "Mozilla/5.0 (Windows NT 6.1; Win64; x64) AppleWebKit/537.36 (KHTML, like Gecko) Chrome/68.0.3440.106 Safari/537.36"
::1 - - [25/Aug/2018:19:01:27 +0200] "POST /wp-admin/admin-ajax.php HTTP/1.1" 200 787 "http://localhost/wp-admin/customize.php?url=http%3A%2F%2Flocalhost%2F" "Mozilla/5.0 (Windows NT 6.1; Win64; x64) AppleWebKit/537.36 (KHTML, like Gecko) Chrome/68.0.3440.106 Safari/537.36"
::1 - - [25/Aug/2018:19:01:29 +0200] "POST /cart/?customize_autosaved=on&customize_changeset_uuid=3739c5e0-f5f7-435c-ba82-65b7df3cde64&customize_preview_nonce=0ccdbd6606 HTTP/1.1" 200 2389 "http://localhost/cart/?customize_changeset_uuid=6761f716-ee02-46e7-8952-9038edf7ad3e&customize_theme=shopkeeper&customize_messenger_channel=preview-11&customize_autosaved=on" "Mozilla/5.0 (Windows NT 6.1; Win64; x64) AppleWebKit/537.36 (KHTML, like Gecko) Chrome/68.0.3440.106 Safari/537.36"
::1 - - [25/Aug/2018:19:01:29 +0200] "GET /cart/?customize_changeset_uuid=3739c5e0-f5f7-435c-ba82-65b7df3cde64&customize_theme=shopkeeper&customize_messenger_channel=preview-12&customize_autosaved=on HTTP/1.1" 200 208851 "http://localhost/wp-admin/customize.php?url=http%3A%2F%2Flocalhost%2F" "Mozilla/5.0 (Windows NT 6.1; Win64; x64) AppleWebKit/537.36 (KHTML, like Gecko) Chrome/68.0.3440.106 Safari/537.36"
127.0.0.1 - - [25/Aug/2018:19:01:38 +0200] "POST /wp-cron.php?doing_wp_cron=1535216498.0821480751037597656250 HTTP/1.1" 200 - "http://localhost/wp-cron.php?doing_wp_cron=1535216498.0821480751037597656250" "WordPress/4.9.8; http://localhost"
::1 - - [25/Aug/2018:19:01:37 +0200] "GET / HTTP/1.1" 200 105741 "-" "Mozilla/5.0 (Windows NT 6.1; Win64; x64) AppleWebKit/537.36 (KHTML, like Gecko) Chrome/68.0.3440.106 Safari/537.36"
